(node:1512) NOTE: The AWS SDK for JavaScript (v2) is in maintenance mode.
 SDK releases are limited to address critical bug fixes and security issues only.

Please migrate your code to use AWS SDK for JavaScript (v3).
For more information, check the blog post at https://a.co/cUPnyil
(Use `node --trace-warnings ...` to show where the warning was created)
[31m[Nest] 1512  - [39m20/03/2026, 4:22:40 am [31m  ERROR[39m [38;5;3m[NestApplication] [39m[31mError: listen EADDRINUSE: address already in use :::3002[39m[38;5;3m +2ms[39m
node:net:1940
    const ex = new UVExceptionWithHostPort(err, 'listen', address, port);
               ^

Error: listen EADDRINUSE: address already in use :::3002
    at Server.setupListenHandle [as _listen2] (node:net:1940:16)
    at listenInCluster (node:net:1997:12)
    at Server.listen (node:net:2102:7)
    at ExpressAdapter.listen (C:\Users\FayazHussain\Desktop\fyndbox\node_modules\.pnpm\@nestjs+platform-express@10_91ea2b092f989b606d9b854ffa877654\node_modules\@nestjs\platform-express\adapters\express-adapter.js:95:32)
    at C:\Users\FayazHussain\Desktop\fyndbox\node_modules\.pnpm\@nestjs+core@10.4.1_@nestjs_f395b82f81782d696b915d2bea706915\node_modules\@nestjs\core\nest-application.js:180:30
    at new Promise (<anonymous>)
    at NestApplication.listen (C:\Users\FayazHussain\Desktop\fyndbox\node_modules\.pnpm\@nestjs+core@10.4.1_@nestjs_f395b82f81782d696b915d2bea706915\node_modules\@nestjs\core\nest-application.js:170:16)
    at process.processTicksAndRejections (node:internal/process/task_queues:105:5)
    at async bootstrap (C:\Users\FayazHussain\Desktop\fyndbox\fyndbox-backend\src\main.ts:22:3) {
  code: 'EADDRINUSE',
  errno: -4091,
  syscall: 'listen',
  address: '::',
  port: 3002
}

Node.js v22.19.0
