
> fyndbox-backend@0.0.1 start C:\Users\FayazHussain\Desktop\fyndbox\fyndbox-backend
> nest start

[32m[Nest] 1512  - [39m20/03/2026, 4:22:39 am [32m    LOG[39m [38;5;3m[NestFactory] [39m[32mStarting Nest application...[39m
[32m[Nest] 1512  - [39m20/03/2026, 4:22:39 am [32m    LOG[39m [38;5;3m[InstanceLoader] [39m[32mAppModule dependencies initialized[39m[38;5;3m +24ms[39m
[32m[Nest] 1512  - [39m20/03/2026, 4:22:39 am [32m    LOG[39m [38;5;3m[InstanceLoader] [39m[32mTypeOrmModule dependencies initialized[39m[38;5;3m +1ms[39m
[32m[Nest] 1512  - [39m20/03/2026, 4:22:39 am [32m    LOG[39m [38;5;3m[InstanceLoader] [39m[32mTranslationModule dependencies initialized[39m[38;5;3m +1ms[39m
[32m[Nest] 1512  - [39m20/03/2026, 4:22:39 am [32m    LOG[39m [38;5;3m[InstanceLoader] [39m[32mPassportModule dependencies initialized[39m[38;5;3m +1ms[39m
[32m[Nest] 1512  - [39m20/03/2026, 4:22:39 am [32m    LOG[39m [38;5;3m[InstanceLoader] [39m[32mConfigHostModule dependencies initialized[39m[38;5;3m +0ms[39m
[32m[Nest] 1512  - [39m20/03/2026, 4:22:39 am [32m    LOG[39m [38;5;3m[InstanceLoader] [39m[32mDiscoveryModule dependencies initialized[39m[38;5;3m +1ms[39m
[32m[Nest] 1512  - [39m20/03/2026, 4:22:39 am [32m    LOG[39m [38;5;3m[InstanceLoader] [39m[32mConfigModule dependencies initialized[39m[38;5;3m +0ms[39m
[32m[Nest] 1512  - [39m20/03/2026, 4:22:39 am [32m    LOG[39m [38;5;3m[InstanceLoader] [39m[32mConfigModule dependencies initialized[39m[38;5;3m +1ms[39m
[32m[Nest] 1512  - [39m20/03/2026, 4:22:39 am [32m    LOG[39m [38;5;3m[InstanceLoader] [39m[32mScheduleModule dependencies initialized[39m[38;5;3m +52ms[39m
[32m[Nest] 1512  - [39m20/03/2026, 4:22:39 am [32m    LOG[39m [38;5;3m[InstanceLoader] [39m[32mJwtModule dependencies initialized[39m[38;5;3m +3ms[39m
[32m[Nest] 1512  - [39m20/03/2026, 4:22:39 am [32m    LOG[39m [38;5;3m[InstanceLoader] [39m[32mImageModule dependencies initialized[39m[38;5;3m +0ms[39m
[32m[Nest] 1512  - [39m20/03/2026, 4:22:40 am [32m    LOG[39m [38;5;3m[InstanceLoader] [39m[32mTypeOrmCoreModule dependencies initialized[39m[38;5;3m +318ms[39m
[32m[Nest] 1512  - [39m20/03/2026, 4:22:40 am [32m    LOG[39m [38;5;3m[InstanceLoader] [39m[32mTypeOrmModule dependencies initialized[39m[38;5;3m +2ms[39m
[32m[Nest] 1512  - [39m20/03/2026, 4:22:40 am [32m    LOG[39m [38;5;3m[InstanceLoader] [39m[32mTypeOrmModule dependencies initialized[39m[38;5;3m +1ms[39m
[32m[Nest] 1512  - [39m20/03/2026, 4:22:40 am [32m    LOG[39m [38;5;3m[InstanceLoader] [39m[32mTypeOrmModule dependencies initialized[39m[38;5;3m +0ms[39m
[32m[Nest] 1512  - [39m20/03/2026, 4:22:40 am [32m    LOG[39m [38;5;3m[InstanceLoader] [39m[32mTypeOrmModule dependencies initialized[39m[38;5;3m +1ms[39m
[32m[Nest] 1512  - [39m20/03/2026, 4:22:40 am [32m    LOG[39m [38;5;3m[InstanceLoader] [39m[32mTypeOrmModule dependencies initialized[39m[38;5;3m +0ms[39m
[32m[Nest] 1512  - [39m20/03/2026, 4:22:40 am [32m    LOG[39m [38;5;3m[InstanceLoader] [39m[32mAiModule dependencies initialized[39m[38;5;3m +4ms[39m
[32m[Nest] 1512  - [39m20/03/2026, 4:22:40 am [32m    LOG[39m [38;5;3m[InstanceLoader] [39m[32mUserModule dependencies initialized[39m[38;5;3m +1ms[39m
[32m[Nest] 1512  - [39m20/03/2026, 4:22:40 am [32m    LOG[39m [38;5;3m[InstanceLoader] [39m[32mStorageModule dependencies initialized[39m[38;5;3m +0ms[39m
[32m[Nest] 1512  - [39m20/03/2026, 4:22:40 am [32m    LOG[39m [38;5;3m[InstanceLoader] [39m[32mBoxModule dependencies initialized[39m[38;5;3m +2ms[39m
[32m[Nest] 1512  - [39m20/03/2026, 4:22:40 am [32m    LOG[39m [38;5;3m[InstanceLoader] [39m[32mItemModule dependencies initialized[39m[38;5;3m +1ms[39m
[32m[Nest] 1512  - [39m20/03/2026, 4:22:40 am [32m    LOG[39m [38;5;3m[InstanceLoader] [39m[32mNotificationModule dependencies initialized[39m[38;5;3m +0ms[39m
[32m[Nest] 1512  - [39m20/03/2026, 4:22:40 am [32m    LOG[39m [38;5;3m[InstanceLoader] [39m[32mAuthModule dependencies initialized[39m[38;5;3m +1ms[39m
[32m[Nest] 1512  - [39m20/03/2026, 4:22:40 am [32m    LOG[39m [38;5;3m[RoutesResolver] [39m[32mUserController {/users}:[39m[38;5;3m +10ms[39m
[32m[Nest] 1512  - [39m20/03/2026, 4:22:40 am [32m    LOG[39m [38;5;3m[RouterExplorer] [39m[32mMapped {/users, GET} route[39m[38;5;3m +2ms[39m
[32m[Nest] 1512  - [39m20/03/2026, 4:22:40 am [32m    LOG[39m [38;5;3m[RouterExplorer] [39m[32mMapped {/users/me, GET} route[39m[38;5;3m +1ms[39m
[32m[Nest] 1512  - [39m20/03/2026, 4:22:40 am [32m    LOG[39m [38;5;3m[RouterExplorer] [39m[32mMapped {/users, POST} route[39m[38;5;3m +1ms[39m
[32m[Nest] 1512  - [39m20/03/2026, 4:22:40 am [32m    LOG[39m [38;5;3m[RouterExplorer] [39m[32mMapped {/users/deactivate, PUT} route[39m[38;5;3m +0ms[39m
[32m[Nest] 1512  - [39m20/03/2026, 4:22:40 am [32m    LOG[39m [38;5;3m[RouterExplorer] [39m[32mMapped {/users, PUT} route[39m[38;5;3m +1ms[39m
[32m[Nest] 1512  - [39m20/03/2026, 4:22:40 am [32m    LOG[39m [38;5;3m[RouterExplorer] [39m[32mMapped {/users, DELETE} route[39m[38;5;3m +1ms[39m
[32m[Nest] 1512  - [39m20/03/2026, 4:22:40 am [32m    LOG[39m [38;5;3m[RoutesResolver] [39m[32mAuthController {/auth}:[39m[38;5;3m +0ms[39m
[32m[Nest] 1512  - [39m20/03/2026, 4:22:40 am [32m    LOG[39m [38;5;3m[RouterExplorer] [39m[32mMapped {/auth/login, POST} route[39m[38;5;3m +1ms[39m
[32m[Nest] 1512  - [39m20/03/2026, 4:22:40 am [32m    LOG[39m [38;5;3m[RouterExplorer] [39m[32mMapped {/auth/signup, POST} route[39m[38;5;3m +1ms[39m
[32m[Nest] 1512  - [39m20/03/2026, 4:22:40 am [32m    LOG[39m [38;5;3m[RouterExplorer] [39m[32mMapped {/auth/password, PATCH} route[39m[38;5;3m +1ms[39m
[32m[Nest] 1512  - [39m20/03/2026, 4:22:40 am [32m    LOG[39m [38;5;3m[RouterExplorer] [39m[32mMapped {/auth/forgot-password, POST} route[39m[38;5;3m +0ms[39m
[32m[Nest] 1512  - [39m20/03/2026, 4:22:40 am [32m    LOG[39m [38;5;3m[RouterExplorer] [39m[32mMapped {/auth/reset-password, POST} route[39m[38;5;3m +1ms[39m
[32m[Nest] 1512  - [39m20/03/2026, 4:22:40 am [32m    LOG[39m [38;5;3m[RouterExplorer] [39m[32mMapped {/auth/validate-reset-token, POST} route[39m[38;5;3m +0ms[39m
[32m[Nest] 1512  - [39m20/03/2026, 4:22:40 am [32m    LOG[39m [38;5;3m[RoutesResolver] [39m[32mStorageController {/storages}:[39m[38;5;3m +1ms[39m
[32m[Nest] 1512  - [39m20/03/2026, 4:22:40 am [32m    LOG[39m [38;5;3m[RouterExplorer] [39m[32mMapped {/storages/search, GET} route[39m[38;5;3m +0ms[39m
[32m[Nest] 1512  - [39m20/03/2026, 4:22:40 am [32m    LOG[39m [38;5;3m[RouterExplorer] [39m[32mMapped {/storages, GET} route[39m[38;5;3m +1ms[39m
[32m[Nest] 1512  - [39m20/03/2026, 4:22:40 am [32m    LOG[39m [38;5;3m[RouterExplorer] [39m[32mMapped {/storages/:id, GET} route[39m[38;5;3m +0ms[39m
[32m[Nest] 1512  - [39m20/03/2026, 4:22:40 am [32m    LOG[39m [38;5;3m[RouterExplorer] [39m[32mMapped {/storages, POST} route[39m[38;5;3m +1ms[39m
[32m[Nest] 1512  - [39m20/03/2026, 4:22:40 am [32m    LOG[39m [38;5;3m[RouterExplorer] [39m[32mMapped {/storages/:id, PUT} route[39m[38;5;3m +0ms[39m
[32m[Nest] 1512  - [39m20/03/2026, 4:22:40 am [32m    LOG[39m [38;5;3m[RouterExplorer] [39m[32mMapped {/storages/:id, DELETE} route[39m[38;5;3m +0ms[39m
[32m[Nest] 1512  - [39m20/03/2026, 4:22:40 am [32m    LOG[39m [38;5;3m[RoutesResolver] [39m[32mBoxController {/boxes}:[39m[38;5;3m +1ms[39m
[32m[Nest] 1512  - [39m20/03/2026, 4:22:40 am [32m    LOG[39m [38;5;3m[RouterExplorer] [39m[32mMapped {/boxes/favorites, GET} route[39m[38;5;3m +0ms[39m
[32m[Nest] 1512  - [39m20/03/2026, 4:22:40 am [32m    LOG[39m [38;5;3m[RouterExplorer] [39m[32mMapped {/boxes/:storageId, GET} route[39m[38;5;3m +1ms[39m
[32m[Nest] 1512  - [39m20/03/2026, 4:22:40 am [32m    LOG[39m [38;5;3m[RouterExplorer] [39m[32mMapped {/boxes/:storageId/:id, GET} route[39m[38;5;3m +0ms[39m
[32m[Nest] 1512  - [39m20/03/2026, 4:22:40 am [32m    LOG[39m [38;5;3m[RouterExplorer] [39m[32mMapped {/boxes/:storageId, POST} route[39m[38;5;3m +0ms[39m
[32m[Nest] 1512  - [39m20/03/2026, 4:22:40 am [32m    LOG[39m [38;5;3m[RouterExplorer] [39m[32mMapped {/boxes/:storageId/:id, PUT} route[39m[38;5;3m +1ms[39m
[32m[Nest] 1512  - [39m20/03/2026, 4:22:40 am [32m    LOG[39m [38;5;3m[RouterExplorer] [39m[32mMapped {/boxes/:storageId/:id, DELETE} route[39m[38;5;3m +0ms[39m
[32m[Nest] 1512  - [39m20/03/2026, 4:22:40 am [32m    LOG[39m [38;5;3m[RoutesResolver] [39m[32mItemController {/items}:[39m[38;5;3m +1ms[39m
[32m[Nest] 1512  - [39m20/03/2026, 4:22:40 am [32m    LOG[39m [38;5;3m[RouterExplorer] [39m[32mMapped {/items/:boxId, GET} route[39m[38;5;3m +0ms[39m
[32m[Nest] 1512  - [39m20/03/2026, 4:22:40 am [32m    LOG[39m [38;5;3m[RouterExplorer] [39m[32mMapped {/items/:boxId/:id, GET} route[39m[38;5;3m +1ms[39m
[32m[Nest] 1512  - [39m20/03/2026, 4:22:40 am [32m    LOG[39m [38;5;3m[RouterExplorer] [39m[32mMapped {/items/:boxId/:storageId, POST} route[39m[38;5;3m +0ms[39m
[32m[Nest] 1512  - [39m20/03/2026, 4:22:40 am [32m    LOG[39m [38;5;3m[RouterExplorer] [39m[32mMapped {/items/:boxId/:id, PUT} route[39m[38;5;3m +0ms[39m
[32m[Nest] 1512  - [39m20/03/2026, 4:22:40 am [32m    LOG[39m [38;5;3m[RouterExplorer] [39m[32mMapped {/items/:boxId/:id, DELETE} route[39m[38;5;3m +1ms[39m
[32m[Nest] 1512  - [39m20/03/2026, 4:22:40 am [32m    LOG[39m [38;5;3m[RoutesResolver] [39m[32mImageController {/images}:[39m[38;5;3m +0ms[39m
[32m[Nest] 1512  - [39m20/03/2026, 4:22:40 am [32m    LOG[39m [38;5;3m[RouterExplorer] [39m[32mMapped {/images/upload, POST} route[39m[38;5;3m +1ms[39m
[32m[Nest] 1512  - [39m20/03/2026, 4:22:40 am [32m    LOG[39m [38;5;3m[RouterExplorer] [39m[32mMapped {/images/delete, DELETE} route[39m[38;5;3m +0ms[39m
[32m[Nest] 1512  - [39m20/03/2026, 4:22:40 am [32m    LOG[39m [38;5;3m[RoutesResolver] [39m[32mNotificationController {/notifications}:[39m[38;5;3m +0ms[39m
[32m[Nest] 1512  - [39m20/03/2026, 4:22:40 am [32m    LOG[39m [38;5;3m[RouterExplorer] [39m[32mMapped {/notifications, GET} route[39m[38;5;3m +0ms[39m
[32m[Nest] 1512  - [39m20/03/2026, 4:22:40 am [32m    LOG[39m [38;5;3m[RouterExplorer] [39m[32mMapped {/notifications/:id/mark-read, PUT} route[39m[38;5;3m +1ms[39m
[32m[Nest] 1512  - [39m20/03/2026, 4:22:40 am [32m    LOG[39m [38;5;3m[RouterExplorer] [39m[32mMapped {/notifications/:id, DELETE} route[39m[38;5;3m +0ms[39m
[32m[Nest] 1512  - [39m20/03/2026, 4:22:40 am [32m    LOG[39m [38;5;3m[RoutesResolver] [39m[32mAiController {/ai}:[39m[38;5;3m +1ms[39m
[32m[Nest] 1512  - [39m20/03/2026, 4:22:40 am [32m    LOG[39m [38;5;3m[RouterExplorer] [39m[32mMapped {/ai/process-text, POST} route[39m[38;5;3m +3ms[39m
[32m[Nest] 1512  - [39m20/03/2026, 4:22:40 am [32m    LOG[39m [38;5;3m[RouterExplorer] [39m[32mMapped {/ai/confirm, POST} route[39m[38;5;3m +1ms[39m
[33m[Nest] 1512  - [39m20/03/2026, 4:22:40 am [33m   WARN[39m [38;5;3m[Scheduler] [39m[33mCannot register cron job "NotificationService@sendWeeklyReminders" because it is defined in a non static provider.[39m
[32m[Nest] 1512  - [39m20/03/2026, 4:22:40 am [32m    LOG[39m [38;5;3m[NestApplication] [39m[32mNest application successfully started[39m[38;5;3m +2ms[39m
 ELIFECYCLE  Command failed with exit code 1.
